// Jest Snapshot v1, https://goo.gl/fbAQLP

exports[`AccountSettings AccountSettings page renders correctly 1`] = `
<View
  style={
    {
      "height": "100%",
      "width": "100%",
    }
  }
>
  <View
    style={
      {
        "backgroundColor": "#000000",
        "height": "13%",
        "justifyContent": "space-between",
        "paddingBottom": "5%",
        "paddingHorizontal": "6%",
        "paddingVertical": "2%",
        "width": "100%",
      }
    }
  >
    <View
      accessibilityState={
        {
          "busy": undefined,
          "checked": undefined,
          "disabled": undefined,
          "expanded": undefined,
          "selected": undefined,
        }
      }
      accessibilityValue={
        {
          "max": undefined,
          "min": undefined,
          "now": undefined,
          "text": undefined,
        }
      }
      accessible={true}
      collapsable={false}
      focusable={true}
      onClick={[Function]}
      onResponderGrant={[Function]}
      onResponderMove={[Function]}
      onResponderRelease={[Function]}
      onResponderTerminate={[Function]}
      onResponderTerminationRequest={[Function]}
      onStartShouldSetResponder={[Function]}
      style={
        {
          "opacity": 1,
        }
      }
    >
      <FontAwesome5
        name="arrow-left"
        style={
          {
            "color": "#ffffff",
            "fontSize": 20,
          }
        }
      />
    </View>
    <Text
      style={
        {
          "color": "#ffffff",
          "fontFamily": "Roboto",
          "fontSize": 36,
        }
      }
    >
      Account Settings
    </Text>
  </View>
  <View
    style={
      {
        "backgroundColor": "#1A1A1A",
        "height": "90%",
        "width": "100%",
      }
    }
  >
    <View
      accessibilityState={
        {
          "busy": undefined,
          "checked": undefined,
          "disabled": undefined,
          "expanded": undefined,
          "selected": undefined,
        }
      }
      accessibilityValue={
        {
          "max": undefined,
          "min": undefined,
          "now": undefined,
          "text": undefined,
        }
      }
      accessible={true}
      collapsable={false}
      focusable={false}
      onClick={[Function]}
      onResponderGrant={[Function]}
      onResponderMove={[Function]}
      onResponderRelease={[Function]}
      onResponderTerminate={[Function]}
      onResponderTerminationRequest={[Function]}
      onStartShouldSetResponder={[Function]}
      style={
        {
          "alignItems": "center",
          "flex": 0,
          "flexDirection": "row",
          "height": "15%",
          "opacity": 1,
          "paddingHorizontal": "6%",
          "paddingTop": "6%",
          "width": "100%",
        }
      }
    >
      <Image
        source={
          {
            "testUri": "../../../assets/profile.png",
          }
        }
        style={
          {
            "height": 80,
            "width": 80,
          }
        }
      />
      <View
        style={
          {
            "paddingLeft": "5%",
          }
        }
      >
        <Text
          style={
            {
              "color": "#ffffff",
              "fontSize": 22,
            }
          }
        >
          Krishna
        </Text>
        <View
          style={
            {
              "flex": 0,
              "flexDirection": "row",
              "paddingTop": "2%",
            }
          }
        >
          <Text
            style={
              {
                "color": "#EDF6FF",
                "fontSize": 19,
              }
            }
          >
            +91
          </Text>
          <Text
            style={
              {
                "color": "#EDF6FF",
                "fontSize": 19,
                "paddingLeft": "2%",
              }
            }
          >
            81234 56789
          </Text>
        </View>
      </View>
    </View>
    <View
      style={
        {
          "flex": 0,
          "flexDirection": "column",
          "height": "auto",
          "paddingLeft": "7%",
          "paddingTop": 10,
          "width": "100%",
        }
      }
    >
      <Text
        style={
          {
            "color": "white",
            "fontSize": 18,
            "fontWeight": "400",
          }
        }
      >
        Favorites
      </Text>
      <View
        style={
          {
            "height": "auto",
            "paddingTop": 25,
            "width": "100%",
          }
        }
      >
        <View
          accessibilityState={
            {
              "busy": undefined,
              "checked": undefined,
              "disabled": undefined,
              "expanded": undefined,
              "selected": undefined,
            }
          }
          accessibilityValue={
            {
              "max": undefined,
              "min": undefined,
              "now": undefined,
              "text": undefined,
            }
          }
          accessible={true}
          collapsable={false}
          focusable={false}
          onClick={[Function]}
          onResponderGrant={[Function]}
          onResponderMove={[Function]}
          onResponderRelease={[Function]}
          onResponderTerminate={[Function]}
          onResponderTerminationRequest={[Function]}
          onStartShouldSetResponder={[Function]}
          style={
            {
              "flex": 0,
              "flexDirection": "row",
              "opacity": 1,
            }
          }
        >
          <FontAwesome5
            name="home"
            style={
              {
                "color": "#ffffff",
                "fontSize": 18,
              }
            }
          />
          <Text
            style={
              {
                "color": "#DADADA",
                "fontSize": 18,
                "paddingLeft": "4%",
              }
            }
          >
            Add Home
          </Text>
        </View>
      </View>
      <View
        style={
          {
            "height": "auto",
            "paddingTop": 25,
            "width": "100%",
          }
        }
      >
        <View
          accessibilityState={
            {
              "busy": undefined,
              "checked": undefined,
              "disabled": undefined,
              "expanded": undefined,
              "selected": undefined,
            }
          }
          accessibilityValue={
            {
              "max": undefined,
              "min": undefined,
              "now": undefined,
              "text": undefined,
            }
          }
          accessible={true}
          collapsable={false}
          focusable={false}
          onClick={[Function]}
          onResponderGrant={[Function]}
          onResponderMove={[Function]}
          onResponderRelease={[Function]}
          onResponderTerminate={[Function]}
          onResponderTerminationRequest={[Function]}
          onStartShouldSetResponder={[Function]}
          style={
            {
              "flex": 0,
              "flexDirection": "row",
              "opacity": 1,
            }
          }
        >
          <FontAwesome5
            name="suitcase"
            style={
              {
                "color": "#ffffff",
                "fontSize": 18,
              }
            }
          />
          <Text
            style={
              {
                "color": "#DADADA",
                "fontSize": 18,
                "paddingLeft": "4%",
              }
            }
          >
            Add Work
          </Text>
        </View>
      </View>
    </View>
  </View>
</View>
`;
