// Jest Snapshot v1, https://goo.gl/fbAQLP

exports[`Past Trips Past Trips page renders correctly 1`] = `
<View
  style={
    {
      "backgroundColor": "#1A1A1A",
      "height": "100%",
      "width": "100%",
    }
  }
>
  <View
    style={
      {
        "alignItems": "center",
        "height": "80%",
        "justifyContent": "center",
        "width": "100%",
      }
    }
  >
    <Text
      style={
        {
          "color": "#ffffff",
          "fontSize": 18,
        }
      }
    >
      Uber will plan to announce new trips
    </Text>
    <View
      accessibilityState={
        {
          "busy": undefined,
          "checked": undefined,
          "disabled": undefined,
          "expanded": undefined,
          "selected": undefined,
        }
      }
      accessibilityValue={
        {
          "max": undefined,
          "min": undefined,
          "now": undefined,
          "text": undefined,
        }
      }
      accessible={true}
      collapsable={false}
      focusable={false}
      onClick={[Function]}
      onResponderGrant={[Function]}
      onResponderMove={[Function]}
      onResponderRelease={[Function]}
      onResponderTerminate={[Function]}
      onResponderTerminationRequest={[Function]}
      onStartShouldSetResponder={[Function]}
      style={
        {
          "alignItems": "center",
          "borderColor": "#ffffff",
          "borderWidth": 1,
          "height": 50,
          "justifyContent": "center",
          "marginTop": 30,
          "opacity": 1,
          "width": 150,
        }
      }
    >
      <Text
        style={
          {
            "color": "#ffffff",
            "fontSize": 18,
          }
        }
      >
        Contact
      </Text>
    </View>
  </View>
</View>
`;
